// Jest Snapshot v1, https://goo.gl/fbAQLP

exports[`should render ExpenseListItem with eexpenses 1`] = `
<div>
  <Link
    replace={false}
    to="/edit/2"
  >
    <h1>
      Rent
    </h1>
  </Link>
  <p>
    $1,095.00
    -
    December 27th, 1969
  </p>
</div>
`;
